<?xml version="1.0" encoding="utf-8"?><testsuites><testsuite name="pytest" errors="0" failures="0" skipped="0" tests="22" time="0.122" timestamp="2025-05-24T02:58:14.141617" hostname="LT-H30XRW5Q6C"><testcase classname="python_v2.my_library.tests.test_string_utils.TestStringUtils" name="test_capitalize_string" file="python_v2/my_library/tests/test_string_utils.py" line="10" time="0.001" /><testcase classname="python_v2.my_library.tests.test_string_utils.TestStringUtils" name="test_is_palindrome" file="python_v2/my_library/tests/test_string_utils.py" line="16" time="0.000" /><testcase classname="python_v2.my_library.tests.test_string_utils.TestStringUtils" name="test_reverse_string" file="python_v2/my_library/tests/test_string_utils.py" line="5" time="0.000" /><testcase classname="schedulers.email_scheduler.tests.unit_tests.test_main.TestEmailJob" name="test_get_metadata_fields" file="schedulers/email_scheduler/tests/unit_tests/test_main.py" line="4" time="0.001" /><testcase classname="schedulers.simple_job_scheduler.tests.test_scheduler.TestScheduler" name="test_add_job" file="schedulers/simple_job_scheduler/tests/test_scheduler.py" line="18" time="0.003" /><testcase classname="schedulers.simple_job_scheduler.tests.test_scheduler.TestScheduler" name="test_job_execution" file="schedulers/simple_job_scheduler/tests/test_scheduler.py" line="7" time="0.000" /><testcase classname="schedulers.simple_job_scheduler.tests.test_scheduler.TestScheduler" name="test_run_pending_jobs" file="schedulers/simple_job_scheduler/tests/test_scheduler.py" line="31" time="0.000" /><testcase classname="scripts_v2.my_script.tests.test_run_data_process.TestRunDataProcess" name="test_process_data_basic" file="scripts_v2/my_script/tests/test_run_data_process.py" line="8" time="0.002" /><testcase classname="scripts_v2.my_script.tests.test_run_data_process.TestRunDataProcess" name="test_process_data_input_not_found" file="scripts_v2/my_script/tests/test_run_data_process.py" line="26" time="0.001" /><testcase classname="scripts_v2.my_script.tests.test_run_data_process.TestRunDataProcess" name="test_process_data_upper_case" file="scripts_v2/my_script/tests/test_run_data_process.py" line="17" time="0.001" /><testcase classname="services.dummy_service_ignore_me.tests.test_app.TestIgnoreMe" name="test_nothing" file="services/dummy_service_ignore_me/tests/test_app.py" line="4" time="0.001" /><testcase classname="services.email_service.tests.test_app.TestEmailService" name="test_count_words" file="services/email_service/tests/test_app.py" line="24" time="0.000" /><testcase classname="services.email_service.tests.test_app.TestEmailService" name="test_format_subject" file="services/email_service/tests/test_app.py" line="13" time="0.001" /><testcase classname="services.email_service.tests.test_app.TestEmailService" name="test_send" file="services/email_service/tests/test_app.py" line="28" time="0.000" /><testcase classname="services.email_service.tests.test_app.TestEmailService" name="test_send_email_success" file="services/email_service/tests/test_app.py" line="7" time="0.000" /><testcase classname="services.email_service.tests.test_app.TestEmailService" name="test_validate_recipient_invalid" file="services/email_service/tests/test_app.py" line="20" time="0.000" /><testcase classname="services.email_service.tests.test_app.TestEmailService" name="test_validate_recipient_valid" file="services/email_service/tests/test_app.py" line="17" time="0.000" /><testcase classname="services.reporting_service.tests.test_app.TestReportGenerator" name="test_generate_detailed_report_empty_data" file="services/reporting_service/tests/test_app.py" line="32" time="0.001" /><testcase classname="services.reporting_service.tests.test_app.TestReportGenerator" name="test_generate_detailed_report_with_data" file="services/reporting_service/tests/test_app.py" line="24" time="0.000" /><testcase classname="services.reporting_service.tests.test_app.TestReportGenerator" name="test_generate_summary_report_empty_data" file="services/reporting_service/tests/test_app.py" line="19" time="0.000" /><testcase classname="services.reporting_service.tests.test_app.TestReportGenerator" name="test_generate_summary_report_with_data" file="services/reporting_service/tests/test_app.py" line="8" time="0.000" /><testcase classname="services.reporting_service.tests.test_app.TestReportGenerator" name="test_get_report_metadata" file="services/reporting_service/tests/test_app.py" line="38" time="0.000" /></testsuite></testsuites>